[00:52:08] [main/INFO]: [bootstrap] Running Java 25 (Java HotSpot(TM) 64-Bit Server VM 25.0.3+9-LTS-195; Oracle Corporation null) on Windows 10 10.0 (amd64)
[00:52:08] [main/INFO]: [bootstrap] Loading Paper 26.3-156-main@65c408a (2026-10-05T15:17:11Z) for Minecraft 26.3
[00:52:08] [main/INFO]: [PluginInitializerManager] Initializing plugins...
[00:52:08] [main/INFO]: [PluginInitializerManager] Initialized 1 plugin
[00:52:08] [main/INFO]: [PluginInitializerManager] Bukkit plugins (1):
 - InvCaptive (0.1.0)
[00:52:13] [DataConverter MCTypeRegistry init thread/INFO]: [ca.spottedleaf.dataconverter.minecraft.datatypes.MCTypeRegistry] Initialising converters for DataConverter...
[00:52:13] [main/INFO]: [com.destroystokyo.paper.profile.PaperServicesDiscoveryService] Environment: Environment[discoveryUrl=https://discovery.minecraftservices.com/minecraft/client, name=PROD]
[00:52:13] [DataConverter MCTypeRegistry init thread/INFO]: [ca.spottedleaf.dataconverter.minecraft.datatypes.MCTypeRegistry] Finished initialising converters for DataConverter in 659.9ms
[00:52:15] [Worker-Main-1/INFO]: Loaded 1866 advancements
[00:52:15] [Server thread/INFO]: Starting minecraft server version 26.3
[00:52:15] [Server thread/INFO]: Loading properties
[00:52:16] [Server thread/INFO]: This server is running Paper version 26.3-156-main@65c408a (2026-10-05T15:17:11Z) (Implementing API version 26.3.build.156-beta)
[00:52:16] [Server thread/INFO]: [spark] This server bundles the spark profiler. For more information please visit https://docs.papermc.io/paper/profiling
[00:52:16] [Server thread/INFO]: Using 4 threads for Netty based IO
[00:52:16] [Server thread/INFO]: Server Ping Player Sample Count: 12
[00:52:16] [Server thread/INFO]: [MoonriseCommon] Paper is using 2 worker threads, 1 I/O threads
[00:52:16] [Server thread/INFO]: Default game type: SURVIVAL
[00:52:16] [Server thread/INFO]: Generating keypair
[00:52:16] [Server thread/INFO]: Starting Minecraft server on *:25565
[00:52:16] [Server thread/INFO]: Paper: Using Java compression from Velocity.
[00:52:16] [Server thread/INFO]: Paper: Using Java cipher from Velocity.
[00:52:16] [Server thread/INFO]: [InvCaptive] Loading server plugin InvCaptive v0.1.0
[00:52:16] [Server thread/INFO]: Preparing level "world"
[00:52:17] [Server thread/INFO]: Loading 0 persistent chunks for level 'minecraft:overworld'...
[00:52:17] [Server thread/INFO]: Preparing spawn area: 100%
[00:52:17] [Server thread/INFO]: Prepared spawn area in 3 ms
[00:52:17] [Server thread/INFO]: Loading 0 persistent chunks for level 'minecraft:the_nether'...
[00:52:17] [Server thread/INFO]: Prepared spawn area in 2 ms
[00:52:17] [Server thread/INFO]: Loading 0 persistent chunks for level 'minecraft:the_end'...
[00:52:17] [Server thread/INFO]: Preparing spawn area: 100%
[00:52:17] [Server thread/INFO]: Prepared spawn area in 2 ms
[00:52:17] [Server thread/INFO]: Done preparing level "world" (0.393s)
[00:52:17] [Server thread/INFO]: [InvCaptive] Enabling InvCaptive v0.1.0
[00:52:17] [Server thread/INFO]: [InvCaptive] Saved InvCaptive state loaded.
[00:52:17] [Server thread/INFO]: [InvCaptive] InvCaptive enabled.
[00:52:17] [Server thread/INFO]: [spark] Starting background profiler...
[00:52:17] [Server thread/INFO]: [spark] The async-profiler engine is not supported for your os/arch (windows10/amd64), so the built-in Java engine will be used instead.
[00:52:17] [Server thread/INFO]: Saving chunks for level 'ServerLevel[world]'/minecraft:overworld
[00:52:17] [Server thread/INFO]: Saving chunks for level 'ServerLevel[world]'/minecraft:the_nether
[00:52:17] [Server thread/INFO]: Saving chunks for level 'ServerLevel[world]'/minecraft:the_end
[00:52:17] [Server thread/INFO]: Running delayed init tasks
[00:52:17] [Server thread/INFO]: Done (10.086s)! For help, type "help"
[00:52:24] [User Authenticator #0/INFO]: UUID of player ambassador02 is 49e71ec7-e006-4364-927c-091d19f498b4
[00:52:25] [Server thread/INFO]: System chat: ambassador02 joined the game
[00:52:26] [Server thread/INFO]: ambassador02[/127.0.0.1:58014] logged in with entity id 70 at ([minecraft:overworld]106.93604110972255, 74.45669548842369, -124.87342748203709)
[00:52:26] [Server thread/WARN]: ambassador02 moved too quickly! 106.93604110972255,74.45669548842369,-124.87342748203709
[00:52:27] [User Authenticator #1/INFO]: UUID of player KIWISO0422 is a1c176f6-58f6-4f62-b00c-67abf13014df
[00:52:27] [Server thread/INFO]: System chat: KIWISO0422 joined the game
[00:52:27] [Server thread/INFO]: KIWISO0422[/127.0.0.1:58019] logged in with entity id 142 at ([minecraft:overworld]104.8481700994918, 74.0938922543625, -123.75942352077786)
[00:52:36] [Server thread/INFO]: KIWISO0422 issued server command: /clear
[00:52:36] [Server thread/INFO]: System chat: [KIWISO0422: Removed 38 item(s) from player KIWISO0422]
[00:52:38] [Server thread/INFO]: KIWISO0422 issued server command: /clear
[00:52:38] [Server thread/INFO]: System chat: [KIWISO0422: Removed 38 item(s) from player KIWISO0422]
[00:52:38] [Server thread/INFO]: KIWISO0422 issued server command: /clear
[00:52:38] [Server thread/INFO]: System chat: [KIWISO0422: Removed 38 item(s) from player KIWISO0422]
[00:52:39] [Server thread/INFO]: KIWISO0422 issued server command: /clear
[00:52:39] [Server thread/INFO]: System chat: [KIWISO0422: Removed 38 item(s) from player KIWISO0422]
[00:52:44] [Server thread/INFO]: KIWISO0422 issued server command: /clear
[00:52:44] [Server thread/INFO]: System chat: [KIWISO0422: Removed 38 item(s) from player KIWISO0422]
[00:52:45] [Server thread/INFO]: KIWISO0422 issued server command: /clear
[00:52:45] [Server thread/INFO]: System chat: [KIWISO0422: Removed 38 item(s) from player KIWISO0422]
[00:52:46] [Server thread/INFO]: KIWISO0422 issued server command: /clear
[00:52:46] [Server thread/INFO]: System chat: [KIWISO0422: Removed 38 item(s) from player KIWISO0422]
[00:52:46] [Server thread/INFO]: KIWISO0422 issued server command: /clear
[00:52:47] [Server thread/INFO]: KIWISO0422 issued server command: /clear
[00:52:47] [Server thread/INFO]: System chat: [KIWISO0422: Removed 38 item(s) from player KIWISO0422]
[00:52:48] [Server thread/INFO]: KIWISO0422 issued server command: /clear
[00:52:49] [Server thread/INFO]: KIWISO0422 issued server command: /invcaptive list
[00:53:39] [Server thread/INFO]: KIWISO0422 issued server command: /weather clear
[00:53:39] [Server thread/INFO]: System chat: [KIWISO0422: Set the weather to clear]
[00:56:18] [Server thread/INFO]: KIWISO0422 lost connection: Disconnected
[00:56:18] [Server thread/INFO]: System chat: KIWISO0422 left the game
[00:56:22] [Server thread/INFO]: ambassador02 lost connection: Disconnected
[00:56:22] [Server thread/INFO]: System chat: ambassador02 left the game
[00:57:01] [Server thread/INFO]: System chat: Stopping the server
[00:57:01] [Server thread/INFO]: Stopping server
[00:57:01] [Server thread/INFO]: [InvCaptive] Disabling InvCaptive v0.1.0
[00:57:01] [Server thread/INFO]: [InvCaptive] InvCaptive disabled.
[00:57:01] [Server thread/INFO]: Saving players
[00:57:01] [Server thread/INFO]: Saving worlds
[00:57:01] [Server thread/INFO]: Saving chunks for level 'ServerLevel[world]'/minecraft:overworld
[00:57:01] [Server thread/INFO]: [ChunkHolderManager] Waiting 60s for chunk system to halt for world 'minecraft:overworld'
[00:57:01] [Server thread/INFO]: [ChunkHolderManager] Halted chunk system for world 'minecraft:overworld'
[00:57:01] [Server thread/INFO]: [ChunkHolderManager] Saving all chunkholders for world 'minecraft:overworld'
[00:57:01] [Server thread/INFO]: [ChunkHolderManager] Saved 0 block chunks, 0 entity chunks, 0 poi chunks in world 'minecraft:overworld' in 0.01s
[00:57:01] [Server thread/INFO]: [ChunkHolderManager] Waiting 60s for chunk I/O to halt for world 'minecraft:overworld'
[00:57:01] [Server thread/INFO]: [ChunkHolderManager] Halted I/O scheduler for world 'minecraft:overworld'
[00:57:01] [Server thread/INFO]: Saving chunks for level 'ServerLevel[world]'/minecraft:the_nether
[00:57:01] [Server thread/INFO]: [ChunkHolderManager] Waiting 60s for chunk system to halt for world 'minecraft:the_nether'
[00:57:01] [Server thread/INFO]: [ChunkHolderManager] Halted chunk system for world 'minecraft:the_nether'
[00:57:01] [Server thread/INFO]: [ChunkHolderManager] Saving all chunkholders for world 'minecraft:the_nether'
[00:57:01] [Server thread/INFO]: [ChunkHolderManager] Saved 0 block chunks, 0 entity chunks, 0 poi chunks in world 'minecraft:the_nether' in 0.00s
[00:57:01] [Server thread/INFO]: [ChunkHolderManager] Waiting 60s for chunk I/O to halt for world 'minecraft:the_nether'
[00:57:01] [Server thread/INFO]: [ChunkHolderManager] Halted I/O scheduler for world 'minecraft:the_nether'
[00:57:01] [Server thread/INFO]: Saving chunks for level 'ServerLevel[world]'/minecraft:the_end
[00:57:01] [Server thread/INFO]: [ChunkHolderManager] Waiting 60s for chunk system to halt for world 'minecraft:the_end'
[00:57:01] [Server thread/INFO]: [ChunkHolderManager] Halted chunk system for world 'minecraft:the_end'
[00:57:01] [Server thread/INFO]: [ChunkHolderManager] Saving all chunkholders for world 'minecraft:the_end'
[00:57:01] [Server thread/INFO]: [ChunkHolderManager] Saved 0 block chunks, 0 entity chunks, 0 poi chunks in world 'minecraft:the_end' in 0.00s
[00:57:01] [Server thread/INFO]: [ChunkHolderManager] Waiting 60s for chunk I/O to halt for world 'minecraft:the_end'
[00:57:01] [Server thread/INFO]: [ChunkHolderManager] Halted I/O scheduler for world 'minecraft:the_end'
[00:57:01] [Server thread/INFO]: Waiting for all RegionFile I/O tasks to complete...
[00:57:01] [Server thread/INFO]: All RegionFile I/O tasks to complete
[00:57:01] [Server thread/INFO]: [MoonriseCommon] Awaiting termination of worker pool for up to 60s...
[00:57:01] [Server thread/INFO]: [MoonriseCommon] Awaiting termination of I/O pool for up to 60s...
